[DEER, INDIVIDUAL_PROSPECT] => DEERPP 
[DEER, LEGAL_PROSPECT] => DEERPM 
[DEER, ALL] => java.lang.IllegalArgumentException: Invalid Document template type or record type 
[DEER, INVALID] => java.lang.IllegalArgumentException: No enum constant document.RecordType.INVALID 
[AUTP, INDIVIDUAL_PROSPECT] => AUTP 
[AUTP, LEGAL_PROSPECT] => java.lang.IllegalArgumentException: Invalid Document template type or record type 
[AUTP, ALL] => java.lang.IllegalArgumentException: Invalid Document template type or record type 
[AUTP, INVALID] => java.lang.IllegalArgumentException: No enum constant document.RecordType.INVALID 
[AUTM, INDIVIDUAL_PROSPECT] => java.lang.IllegalArgumentException: Invalid Document template type or record type 
[AUTM, LEGAL_PROSPECT] => AUTM 
[AUTM, ALL] => java.lang.IllegalArgumentException: Invalid Document template type or record type 
[AUTM, INVALID] => java.lang.IllegalArgumentException: No enum constant document.RecordType.INVALID 
[SPEC, INDIVIDUAL_PROSPECT] => SPEC 
[SPEC, LEGAL_PROSPECT] => SPEC 
[SPEC, ALL] => SPEC 
[SPEC, INVALID] => java.lang.IllegalArgumentException: No enum constant document.RecordType.INVALID 
[GLPP, INDIVIDUAL_PROSPECT] => GLPP 
[GLPP, LEGAL_PROSPECT] => java.lang.IllegalArgumentException: Invalid Document template type or record type 
[GLPP, ALL] => java.lang.IllegalArgumentException: Invalid Document template type or record type 
[GLPP, INVALID] => java.lang.IllegalArgumentException: No enum constant document.RecordType.INVALID 
[GLPM, INDIVIDUAL_PROSPECT] => java.lang.IllegalArgumentException: Invalid Document template type or record type 
[GLPM, LEGAL_PROSPECT] => GLPM 
[GLPM, ALL] => java.lang.IllegalArgumentException: Invalid Document template type or record type 
[GLPM, INVALID] => java.lang.IllegalArgumentException: No enum constant document.RecordType.INVALID 
[INVALID, INDIVIDUAL_PROSPECT] => java.lang.IllegalArgumentException: Invalid Document template type or record type 
[INVALID, LEGAL_PROSPECT] => java.lang.IllegalArgumentException: Invalid Document template type or record type 
[INVALID, ALL] => java.lang.IllegalArgumentException: Invalid Document template type or record type 
[INVALID, INVALID] => java.lang.IllegalArgumentException: Invalid Document template type or record type 
